// Jest Snapshot v1, https://goo.gl/fbAQLP

exports[`Character Image renders correctly 1`] = `
.c0 {
  width: 100%;
  border: solid #222;
  border-width: 5px 3px 3px 5px;
  border-radius: 50%;
  box-shadow: 0 3px 6px rgba(0,0,0,0.16),0 3px 6px rgba(0,0,0,0.23);
  -webkit-transition: all 0.3s cubic-bezier(.25,.8,.25,1);
  transition: all 0.3s cubic-bezier(.25,.8,.25,1);
  box-sizing: border-box;
  -webkit-transition: all 200ms ease-in-out;
  transition: all 200ms ease-in-out;
  -webkit-animation: 1s fGBwqf;
  animation: 1s fGBwqf;
}

.c0:hover {
  cursor: pointer;
  box-shadow: 0 14px 28px rgba(0,0,0,0.25),0 10px 10px rgba(0,0,0,0.22);
  -webkit-transform: scale(1.05);
  -ms-transform: scale(1.05);
  transform: scale(1.05);
}

.c0:hover + figcaption {
  -webkit-transform: scale(1.05);
  -ms-transform: scale(1.05);
  transform: scale(1.05);
}

.c0:active {
  box-shadow: 0 1px 3px rgba(0,0,0,0.12),0 1px 2px rgba(0,0,0,0.24);
}

<img
  className="c0"
/>
`;
