// Jest Snapshot v1, https://goo.gl/fbAQLP

exports[`Toolbar Item renders correctly 1`] = `
.c0 {
  background: transparent;
  border: none;
  color: #fbca03;
  font-size: 1rem;
}

.c0:hover {
  cursor: pointer;
  color: #fddf67;
}

.c0:active {
  color: #967902;
}

<button
  className="c0"
>
  Item
</button>
`;
