// Jest Snapshot v1, https://goo.gl/fbAQLP

exports[`Copyright renders correctly 1`] = `
.c0 {
  margin: 1em auto;
  font-size: 0.75rem;
  color: rgba(255,255,255,0.7);
}

.c0 a {
  color: rgba(255,255,255,1);
}

.c0 a:hover {
  -webkit-text-decoration: none;
  text-decoration: none;
}

@media (min-width:48em) {
  .c0 {
    margin-right: 0;
  }
}

<p
  className="c0"
/>
`;
