// Jest Snapshot v1, https://goo.gl/fbAQLP

exports[`FlexAside renders correctly 1`] = `
.c0 {
  display: -webkit-box;
  display: -webkit-flex;
  display: -ms-flexbox;
  display: flex;
  -webkit-flex-direction: column;
  -ms-flex-direction: column;
  flex-direction: column;
  width: 100%;
  padding: 0 2em 2em 2em;
  box-sizing: border-box;
  position: fixed;
  bottom: 0;
  left: 0;
  z-index: 99;
}

@media (min-width:48em) {
  .c0 {
    width: 30em;
    padding: 0;
    position: relative;
  }
}

@media (min-width:62em) {
  .c0 {
    width: 20%;
  }
}

@media (min-width:73.125em) {
  .c0 {
    width: 40%;
  }
}

<aside
  className="c0"
/>
`;
