// Jest Snapshot v1, https://goo.gl/fbAQLP

exports[`Card Block renders correctly 1`] = `
<div
  className="sc-caSCKo hnbwiE"
>
  <p
    className="sc-eqIVtm bmHTKX"
  >
    Ribbon!
  </p>
  [
  <button
    className="sc-fMiknA fFHlVn"
  >
    X
  </button>
  ,
  <div
    className="sc-dVhcbM fwYBZf"
  >
    This is a hint!
  </div>
  ]
  <h2
    className="sc-fAjcbJ lmPSwh"
  >
    Card Title
  </h2>
  <div
    className="sc-hzDkRC ctnzKs"
  >
    <p
      className="sc-jhAzac eJkfIa"
    >
      Card text
    </p>
  </div>
  <div
    className="sc-Rmtcm dehTgb"
  />
</div>
`;
