// Jest Snapshot v1, https://goo.gl/fbAQLP

exports[`GameUI Icon adds blink modifier 1`] = `
.c0 {
  display: inline;
  font-size: 1.2rem;
}

.c0:last-child {
  margin-left: 1em;
}

<li
  className="c0"
>
  Icon
</li>
`;

exports[`GameUI Icon renders correctly 1`] = `
.c0 {
  display: inline;
  font-size: 1.2rem;
}

.c0:last-child {
  margin-left: 1em;
}

<li
  className="c0"
>
  Icon
</li>
`;
